Copyright 1986-2020 Xilinx, Inc. All Rights Reserved.
-------------------------------------------------------------------------------------------
| Tool Version : Vivado v.2020.2 (win64) Build 3064766 Wed Nov 18 09:12:45 MST 2020
| Date         : Fri Apr 21 23:11:26 2023
| Host         : LAPTOP-EPVRH703 running 64-bit major release  (build 9200)
| Command      : report_control_sets -verbose -file Complete_MIPSA_control_sets_placed.rpt
| Design       : Complete_MIPSA
| Device       : xc7a35t
-------------------------------------------------------------------------------------------

Control Set Information

Table of Contents
-----------------
1. Summary
2. Histogram
3. Flip-Flop Distribution
4. Detailed Control Set Information

1. Summary
----------

+----------------------------------------------------------+-------+
|                          Status                          | Count |
+----------------------------------------------------------+-------+
| Total control sets                                       |    39 |
|    Minimum number of control sets                        |    39 |
|    Addition due to synthesis replication                 |     0 |
|    Addition due to physical synthesis replication        |     0 |
| Unused register locations in slices containing registers |    22 |
+----------------------------------------------------------+-------+
* Control sets can be merged at opt_design using control_set_merge or merge_equivalent_drivers
** Run report_qor_suggestions for automated merging and remapping suggestions


2. Histogram
------------

+--------------------+-------+
|       Fanout       | Count |
+--------------------+-------+
| Total control sets |    39 |
| >= 0 to < 4        |     1 |
| >= 4 to < 6        |     0 |
| >= 6 to < 8        |     1 |
| >= 8 to < 10       |     1 |
| >= 10 to < 12      |     0 |
| >= 12 to < 14      |     0 |
| >= 14 to < 16      |     0 |
| >= 16              |    36 |
+--------------------+-------+
* Control sets can be remapped at either synth_design or opt_design


3. Flip-Flop Distribution
-------------------------

+--------------+-----------------------+------------------------+-----------------+--------------+
| Clock Enable | Synchronous Set/Reset | Asynchronous Set/Reset | Total Registers | Total Slices |
+--------------+-----------------------+------------------------+-----------------+--------------+
| No           | No                    | No                     |              70 |           27 |
| No           | No                    | Yes                    |               0 |            0 |
| No           | Yes                   | No                     |              27 |            7 |
| Yes          | No                    | No                     |            1106 |          469 |
| Yes          | No                    | Yes                    |               0 |            0 |
| Yes          | Yes                   | No                     |               7 |            4 |
+--------------+-----------------------+------------------------+-----------------+--------------+


4. Detailed Control Set Information
-----------------------------------

+----------------+----------------------------------+--------------------+------------------+----------------+--------------+
|  Clock Signal  |           Enable Signal          |  Set/Reset Signal  | Slice Load Count | Bel Load Count | Bels / Slice |
+----------------+----------------------------------+--------------------+------------------+----------------+--------------+
|  CLK_IBUF_BUFG |                                  |                    |                2 |              2 |         1.00 |
|  slowClk_BUFG  | CPU/Register/E[0]                | RST_IBUF           |                4 |              7 |         1.75 |
|  slowClk_BUFG  | CPU/opsave[5]_i_1_n_0            |                    |                3 |              8 |         2.67 |
|  CLK_IBUF_BUFG |                                  | c0/cnt[27]_i_1_n_0 |                7 |             27 |         3.86 |
|  slowClk_BUFG  | CPU/alu_result_save[31]_i_1_n_0  |                    |               23 |             32 |         1.39 |
|  slowClk_BUFG  | CPU/Register/REG[28][31]_i_1_n_0 |                    |               16 |             32 |         2.00 |
|  slowClk_BUFG  | CPU/Register/REG[20][31]_i_1_n_0 |                    |                8 |             32 |         4.00 |
|  slowClk_BUFG  | CPU/Register/REG[11][31]_i_1_n_0 |                    |               13 |             32 |         2.46 |
|  slowClk_BUFG  | CPU/Register/REG[21][31]_i_1_n_0 |                    |               11 |             32 |         2.91 |
|  slowClk_BUFG  | CPU/Register/REG[30][31]_i_1_n_0 |                    |               14 |             32 |         2.29 |
|  slowClk_BUFG  | CPU/Register/REG[29][31]_i_1_n_0 |                    |               14 |             32 |         2.29 |
|  slowClk_BUFG  | CPU/Register/REG[4][31]_i_1_n_0  |                    |               12 |             32 |         2.67 |
|  slowClk_BUFG  | CPU/Register/REG[6][31]_i_1_n_0  |                    |               11 |             32 |         2.91 |
|  slowClk_BUFG  | CPU/Register/REG[13][31]_i_1_n_0 |                    |               14 |             32 |         2.29 |
|  slowClk_BUFG  | CPU/Register/REG[14][31]_i_1_n_0 |                    |               11 |             32 |         2.91 |
|  slowClk_BUFG  | CPU/Register/REG[24][31]_i_1_n_0 |                    |               20 |             32 |         1.60 |
|  slowClk_BUFG  | CPU/Register/REG[17][31]_i_1_n_0 |                    |               13 |             32 |         2.46 |
|  slowClk_BUFG  | CPU/Register/REG[18][31]_i_1_n_0 |                    |                9 |             32 |         3.56 |
|  slowClk_BUFG  | CPU/Register/REG[25][31]_i_1_n_0 |                    |               17 |             32 |         1.88 |
|  slowClk_BUFG  | CPU/Register/REG[2][31]_i_1_n_0  |                    |               11 |             32 |         2.91 |
|  slowClk_BUFG  | CPU/Register/REG[3][31]_i_1_n_0  |                    |                9 |             32 |         3.56 |
|  slowClk_BUFG  | CPU/Register/REG[22][31]_i_1_n_0 |                    |                9 |             32 |         3.56 |
|  slowClk_BUFG  | CPU/Register/REG[15][31]_i_1_n_0 |                    |               11 |             32 |         2.91 |
|  slowClk_BUFG  | CPU/Register/REG[31][31]_i_1_n_0 |                    |               20 |             32 |         1.60 |
|  slowClk_BUFG  | CPU/Register/REG[10][31]_i_1_n_0 |                    |               18 |             32 |         1.78 |
|  slowClk_BUFG  | CPU/Register/REG[7][31]_i_1_n_0  |                    |               15 |             32 |         2.13 |
|  slowClk_BUFG  | CPU/Register/REG[8][31]_i_1_n_0  |                    |               10 |             32 |         3.20 |
|  slowClk_BUFG  | CPU/Register/REG[0][31]_i_1_n_0  |                    |               16 |             32 |         2.00 |
|  slowClk_BUFG  | CPU/Register/REG[9][31]_i_1_n_0  |                    |               19 |             32 |         1.68 |
|  slowClk_BUFG  | CPU/Register/REG[12][31]_i_1_n_0 |                    |               12 |             32 |         2.67 |
|  slowClk_BUFG  | CPU/Register/REG[5][31]_i_1_n_0  |                    |                9 |             32 |         3.56 |
|  slowClk_BUFG  | CPU/Register/REG[23][31]_i_1_n_0 |                    |               19 |             32 |         1.68 |
|  slowClk_BUFG  | CPU/Register/REG[19][31]_i_1_n_0 |                    |               10 |             32 |         3.20 |
|  slowClk_BUFG  | CPU/Register/REG[27][31]_i_1_n_0 |                    |               13 |             32 |         2.46 |
|  slowClk_BUFG  | CPU/Register/REG[16][31]_i_1_n_0 |                    |               17 |             32 |         1.88 |
|  slowClk_BUFG  | CPU/Register/REG[26][31]_i_1_n_0 |                    |               13 |             32 |         2.46 |
|  slowClk_BUFG  | CPU/instr                        |                    |               14 |             34 |         2.43 |
|  slowClk_BUFG  | CPU/Register/REG[1][31]_i_1_n_0  |                    |               15 |             40 |         2.67 |
|  slowClk_BUFG  |                                  |                    |               25 |             68 |         2.72 |
+----------------+----------------------------------+--------------------+------------------+----------------+--------------+


